// Jest Snapshot v1, https://goo.gl/fbAQLP

exports[`AddProduct Component should match snapshot 1`] = `
<div>
  <h1>
    Add New User
  </h1>
  <div
    className="row clearfix products-grid"
  >
    <div
      className="col-10 m-0-auto m-t-5"
    >
      <form
        onSubmit={[Function]}
      >
        <div
          className="row"
        >
          <div
            className="col-3"
          >
            <figure
              className="image-holder"
            >
              <img
                alt="image"
                src="../assets/images/profile/team-7.jpg"
              />
              <input
                id="image"
                onChange={[Function]}
                type="file"
              />
            </figure>
          </div>
          <div
            className="col-7"
          >
            <table
              border="0"
              className="product-single-table table-striped"
              width="100%"
            >
              <tbody>
                <tr>
                  <td>
                    <label
                      htmlFor="firstname"
                    >
                      First Name
                    </label>
                  </td>
                  <td>
                    <input
                      id="firstname"
                      onChange={[Function]}
                      required={true}
                      type="text"
                    />
                  </td>
                </tr>
                <tr>
                  <td>
                    <label
                      htmlFor="lastname"
                    >
                      Last Name
                    </label>
                  </td>
                  <td>
                    <input
                      id="lastname"
                      onChange={[Function]}
                      required={true}
                      type="text"
                    />
                  </td>
                </tr>
                <tr>
                  <td>
                    <label
                      htmlFor="email"
                    >
                      Email
                    </label>
                  </td>
                  <td>
                    <input
                      id="email"
                      onChange={[Function]}
                      required={true}
                      type="email"
                    />
                  </td>
                </tr>
                <tr>
                  <td>
                    <label>
                      Role
                    </label>
                  </td>
                  <td>
                    <select
                      id="role"
                      onChange={[Function]}
                    >
                      <option>
                        ---Choose One---
                      </option>
                      <option
                        value="store_attendant"
                      >
                        Attendant
                      </option>
                      <option
                        value="admin"
                      >
                        Admin
                      </option>
                    </select>
                  </td>
                </tr>
                <tr>
                  <td>
                    <label
                      htmlFor="password"
                    >
                      Password
                    </label>
                  </td>
                  <td>
                    <input
                      id="password"
                      onChange={[Function]}
                      type="password"
                    />
                  </td>
                </tr>
                <tr>
                  <td>
                    <label
                      htmlFor="conf_password"
                    >
                      Confirm Password
                    </label>
                  </td>
                  <td>
                    <input
                      id="conf_password"
                      onChange={[Function]}
                      type="password"
                    />
                  </td>
                </tr>
                <tr>
                  <td>
                    Â 
                  </td>
                  <td>
                    <button
                      className="btn btn-primary"
                      type="submit"
                    >
                      Save
                    </button>
                    <button
                      className="btn btn-danger"
                      type="reset"
                    >
                      Clear
                    </button>
                  </td>
                </tr>
              </tbody>
            </table>
          </div>
        </div>
      </form>
    </div>
  </div>
</div>
`;
