// Jest Snapshot v1, https://goo.gl/fbAQLP

exports[`Dashboard Component should match snapshot 1`] = `
<div>
  <h1>
    My Dashboard
  </h1>
</div>
`;
