// Jest Snapshot v1, https://goo.gl/fbAQLP

exports[`Home Component should match snapshot 1`] = `
<div>
  <h1>
    Vy Store Manager
  </h1>
  <p>
    Welcome to Vy Store Manager, navigate to login link on the menu to get started
  </p>
</div>
`;
