// Jest Snapshot v1, https://goo.gl/fbAQLP

exports[`Login Component should match snapshot 1`] = `
<div
  className="container"
>
  <div
    className="row"
  >
    <div
      className="col-5 m-0-auto m-t-15"
    >
      <div
        className="logo"
      >
        Vy Superstore
      </div>
      <div
        className="form-box"
      >
        <h2
          className="text-center"
        >
          Login 
        </h2>
        <form
          onSubmit={[Function]}
        >
          <div
            className="form-group"
          >
            <div
              className="col-3"
            >
              <label
                htmlFor="email"
              >
                Email
              </label>
            </div>
            <div
              className="col-7"
            >
              <input
                className="form-control"
                id="email"
                onChange={[Function]}
                type="email"
                value=""
              />
            </div>
          </div>
          <div
            className="form-group"
          >
            <div
              className="col-3"
            >
              <label
                htmlFor="password"
              >
                Password
              </label>
            </div>
            <div
              className="col-7"
            >
              <input
                className="form-control"
                id="password"
                onChange={[Function]}
                type="password"
              />
            </div>
          </div>
          <div
            className="form-group"
          >
            <div
              className="col-3"
            >
              Â 
            </div>
            <div
              className="col-7"
            >
              <button
                className="btn btn-primary"
                disabled={false}
                type="submit"
              >
                Login
              </button>
              <button
                className="btn btn-dark"
                type="reset"
              >
                Reset
              </button>
            </div>
          </div>
        </form>
      </div>
    </div>
  </div>
</div>
`;
