// Jest Snapshot v1, https://goo.gl/fbAQLP

exports[`PrivateRoute Component should match snapshot 1`] = `
<Route
  render={[Function]}
/>
`;
