// Jest Snapshot v1, https://goo.gl/fbAQLP

exports[`Routes Component should match snapshot 1`] = `
<Switch>
  <Route
    component={[Function]}
    exact={true}
    path="/"
  >
     
  </Route>
  <Route
    component={[Function]}
    exact={true}
    path="/login"
  />
  <Connect(PrivateRoute)
    component={[Function]}
    path="/dashboard"
  />
  <Connect(PrivateRoute)
    component={[Function]}
    path="/all-products"
  />
  <Connect(PrivateRoute)
    component={[Function]}
    path="/add-product"
  />
  <Connect(PrivateRoute)
    component={[Function]}
    path="/add-profile"
  />
  <Connect(PrivateRoute)
    component={[Function]}
    exact={true}
    path="/edit-product/:id"
  />
  <Connect(PrivateRoute)
    component={[Function]}
    exact={true}
    path="/cart"
  />
  <Connect(PrivateRoute)
    component={[Function]}
    exact={true}
    path="/all-sales"
  />
  <Connect(PrivateRoute)
    component={[Function]}
    exact={true}
    path="/profile/:id"
  />
  <Route
    component={[Function]}
  />
</Switch>
`;
