// Jest Snapshot v1, https://goo.gl/fbAQLP

exports[`ViewModifyProfile Component should match snapshot 1`] = `
<div
  className="row clearfix products-grid"
>
  <div
    className="col-10 m-0-auto m-t-5"
  >
    <h3>
      Akano
       
      Peter
      's Profile
    </h3>
    <form
      onSubmit={[Function]}
    >
      <div
        className="row"
      >
        <div
          className="col-3"
        >
          <figure
            className="image-holder"
          >
            <img
              alt="image"
              src=""
            />
            <input
              id="image_file"
              onChange={[Function]}
              type="file"
            />
          </figure>
        </div>
        <div
          className="col-7"
        >
          <table
            border="0"
            className="product-single-table table-striped"
            width="100%"
          >
            <tbody>
              <tr>
                <td>
                  <label
                    htmlFor="title"
                  >
                    First Name
                  </label>
                </td>
                <td>
                  <input
                    defaultValue=""
                    id="firstname"
                    onChange={[Function]}
                    required={true}
                    type="text"
                  />
                </td>
              </tr>
              <tr>
                <td>
                  <label
                    htmlFor="title"
                  >
                    Last Name
                  </label>
                </td>
                <td>
                  <input
                    defaultValue=""
                    id="lastname"
                    onChange={[Function]}
                    required={true}
                    type="text"
                  />
                </td>
              </tr>
              <tr>
                <td>
                  <label
                    htmlFor="title"
                  >
                    Email
                  </label>
                </td>
                <td />
              </tr>
              <tr>
                <td>
                  <label
                    htmlFor="title"
                  >
                    Role
                  </label>
                </td>
                <td>
                  <select
                    defaultValue="admin"
                    id="role"
                    onChange={[Function]}
                  >
                    <option
                      value="admin"
                    >
                      Admin
                    </option>
                    <option
                      value="store_attendant"
                    >
                      Attendant
                    </option>
                  </select>
                </td>
              </tr>
              <tr>
                <td>
                  <label
                    htmlFor="title"
                  >
                    Password
                  </label>
                </td>
                <td>
                  <input
                    id="password"
                    onChange={[Function]}
                    type="password"
                  />
                </td>
              </tr>
              <tr>
                <td>
                  <label
                    htmlFor="title"
                  >
                    Confirm Password
                  </label>
                </td>
                <td>
                  <input
                    id="conf_password"
                    onChange={[Function]}
                    type="password"
                  />
                </td>
              </tr>
              <tr>
                <td>
                  Total number of sale records created
                </td>
                <td>
                  <span
                    className="item-price"
                  >
                    67
                  </span>
                </td>
              </tr>
              <tr>
                <td>
                  Total number of products sold
                </td>
                <td>
                  <span>
                    125
                  </span>
                </td>
              </tr>
              <tr>
                <td>
                  Total worth of goods sold
                </td>
                <td>
                  <span>
                    $9535
                  </span>
                </td>
              </tr>
              <tr>
                <td>
                  Â 
                </td>
                <td>
                  <button
                    className="btn btn-primary"
                    type="submit"
                  >
                    Update
                  </button>
                </td>
              </tr>
            </tbody>
          </table>
        </div>
      </div>
    </form>
  </div>
</div>
`;
